{
    "timestamp": "2025-09-27 09:40:39",
    "message": "",
    "data": {
        "total": {
            "incomingOctets": 520,
            "transmitOctets": 600,
            "incomingPkts": 10,
            "transmitPkts": 10,
            "droppedOctets": 0
        },
        "byBucket": {
            "1758965993": {
                "incomingOctets": 104,
                "transmitOctets": 120,
                "incomingPkts": 2,
                "transmitPkts": 2,
                "droppedOctets": 0
            },
            "1758965994": {
                "incomingOctets": 104,
                "transmitOctets": 120,
                "incomingPkts": 2,
                "transmitPkts": 2,
                "droppedOctets": 0
            },
            "1758965995": {
                "incomingOctets": 104,
                "transmitOctets": 120,
                "incomingPkts": 2,
                "transmitPkts": 2,
                "droppedOctets": 0
            },
            "1758965996": {
                "incomingOctets": 104,
                "transmitOctets": 120,
                "incomingPkts": 2,
                "transmitPkts": 2,
                "droppedOctets": 0
            },
            "1758965997": {
                "incomingOctets": 104,
                "transmitOctets": 120,
                "incomingPkts": 2,
                "transmitPkts": 2,
                "droppedOctets": 0
            }
        },
        "byUEIP": {
            "10.0.0.2": {
                "incomingOctets": 520,
                "transmitOctets": 600,
                "incomingPkts": 10,
                "transmitPkts": 10,
                "droppedOctets": 0
            }
        },
        "byTEID": {
            "1": {
                "incomingOctets": 260,
                "transmitOctets": 260,
                "incomingPkts": 5,
                "transmitPkts": 5,
                "droppedOctets": 0
            },
            "2": {
                "incomingOctets": 260,
                "transmitOctets": 340,
                "incomingPkts": 5,
                "transmitPkts": 5,
                "droppedOctets": 0
            }
        },
        "byQFI": {
            "1": {
                "incomingOctets": 260,
                "transmitOctets": 260,
                "incomingPkts": 5,
                "transmitPkts": 5,
                "droppedOctets": 0
            }
        },
        "bySNSSAI": {
            "1-010203": {
                "incomingOctets": 520,
                "transmitOctets": 600,
                "incomingPkts": 10,
                "transmitPkts": 10,
                "droppedOctets": 0
            }
        },
        "byDir": {
            "0": {
                "incomingOctets": 260,
                "transmitOctets": 260,
                "incomingPkts": 5,
                "transmitPkts": 5,
                "droppedOctets": 0
            },
            "1": {
                "incomingOctets": 260,
                "transmitOctets": 340,
                "incomingPkts": 5,
                "transmitPkts": 5,
                "droppedOctets": 0
            }
        }
    }
}